22:31:02.163 [main] INFO com.org.careerbuilder.CareerBuilderApplication -- ? Application started successfully!

  .   ____          _            __ _ _
 /\\ / ___'_ __ _ _(_)_ __  __ _ \ \ \ \
( ( )\___ | '_ | '_| | '_ \/ _` | \ \ \ \
 \\/  ___)| |_)| | | | | || (_| |  ) ) ) )
  '  |____| .__|_| |_|_| |_\__, | / / / /
 =========|_|==============|___/=/_/_/_/

 :: Spring Boot ::                (v4.0.0)

2026-03-28T22:31:05.653+05:30  INFO 21976 --- [career-builder] [           main] c.o.c.CareerBuilderApplication           : Starting CareerBuilderApplication v0.0.1-SNAPSHOT using Java 17.0.16 with PID 21976 (C:\Users\Admin\Downloads\career-builder-backend-public-apis\career-builder-backend-main\target\career-builder-0.0.1-SNAPSHOT.jar started by Admin in C:\Users\Admin\Downloads\career-builder-backend-public-apis\career-builder-backend-main)
2026-03-28T22:31:05.668+05:30  INFO 21976 --- [career-builder] [           main] c.o.c.CareerBuilderApplication           : No active profile set, falling back to 1 default profile: "default"
2026-03-28T22:31:08.040+05:30  INFO 21976 --- [career-builder] [           main] .s.d.r.c.RepositoryConfigurationDelegate : Bootstrapping Spring Data JPA repositories in DEFAULT mode.
2026-03-28T22:31:08.389+05:30  INFO 21976 --- [career-builder] [           main] .s.d.r.c.RepositoryConfigurationDelegate : Finished Spring Data repository scanning in 326 ms. Found 30 JPA repository interfaces.
2026-03-28T22:31:10.456+05:30  INFO 21976 --- [career-builder] [           main] o.s.boot.tomcat.TomcatWebServer          : Tomcat initialized with port 9092 (http)
2026-03-28T22:31:10.508+05:30  INFO 21976 --- [career-builder] [           main] o.apache.catalina.core.StandardService   : Starting service [Tomcat]
2026-03-28T22:31:10.508+05:30  INFO 21976 --- [career-builder] [           main] o.apache.catalina.core.StandardEngine    : Starting Servlet engine: [Apache Tomcat/11.0.14]
2026-03-28T22:31:10.603+05:30  INFO 21976 --- [career-builder] [           main] b.w.c.s.WebApplicationContextInitializer : Root WebApplicationContext: initialization completed in 4776 ms
2026-03-28T22:31:11.113+05:30  INFO 21976 --- [career-builder] [           main] o.hibernate.jpa.internal.util.LogHelper  : HHH000204: Processing PersistenceUnitInfo [name: default]
2026-03-28T22:31:11.272+05:30  INFO 21976 --- [career-builder] [           main] org.hibernate.Version                    : HHH000412: Hibernate ORM core version 7.1.8.Final
2026-03-28T22:31:12.683+05:30  INFO 21976 --- [career-builder] [           main] o.s.o.j.p.SpringPersistenceUnitInfo      : No LoadTimeWeaver setup: ignoring JPA class transformer
2026-03-28T22:31:12.762+05:30  INFO 21976 --- [career-builder] [           main] com.zaxxer.hikari.HikariDataSource       : HikariPool-1 - Starting...
2026-03-28T22:31:13.239+05:30  INFO 21976 --- [career-builder] [           main] com.zaxxer.hikari.pool.HikariPool        : HikariPool-1 - Added connection org.postgresql.jdbc.PgConnection@3d4818e8
2026-03-28T22:31:13.243+05:30  INFO 21976 --- [career-builder] [           main] com.zaxxer.hikari.HikariDataSource       : HikariPool-1 - Start completed.
2026-03-28T22:31:13.398+05:30  INFO 21976 --- [career-builder] [           main] org.hibernate.orm.connections.pooling    : HHH10001005: Database info:
	Database JDBC URL [jdbc:postgresql://localhost:5432/admindb]
	Database driver: PostgreSQL JDBC Driver
	Database dialect: PostgreSQLDialect
	Database version: 18.1
	Default catalog/schema: admindb/public
	Autocommit mode: undefined/unknown
	Isolation level: READ_COMMITTED [default READ_COMMITTED]
	JDBC fetch size: none
	Pool: DatasourceConnectionProviderImpl
	Minimum pool size: undefined/unknown
	Maximum pool size: undefined/unknown
2026-03-28T22:31:16.914+05:30  INFO 21976 --- [career-builder] [           main] o.h.e.t.j.p.i.JtaPlatformInitiator       : HHH000489: No JTA platform available (set 'hibernate.transaction.jta.platform' to enable JTA platform integration)
2026-03-28T22:31:16.917+05:30  INFO 21976 --- [career-builder] [           main] j.LocalContainerEntityManagerFactoryBean : Initialized JPA EntityManagerFactory for persistence unit 'default'
2026-03-28T22:31:17.043+05:30  INFO 21976 --- [career-builder] [           main] o.s.d.j.r.query.QueryEnhancerFactories   : Hibernate is in classpath; If applicable, HQL parser will be used.
2026-03-28T22:31:20.891+05:30  WARN 21976 --- [career-builder] [           main] JpaBaseConfiguration$JpaWebConfiguration : spring.jpa.open-in-view is enabled by default. Therefore, database queries may be performed during view rendering. Explicitly configure spring.jpa.open-in-view to disable this warning
2026-03-28T22:31:21.070+05:30  WARN 21976 --- [career-builder] [           main] .s.a.UserDetailsServiceAutoConfiguration : 

Using generated security password: 88ea155b-9fc7-4322-bbd2-b73f4783a5b8

This generated password is for development use only. Your security configuration must be updated before running your application in production.

2026-03-28T22:31:21.118+05:30  INFO 21976 --- [career-builder] [           main] r$InitializeUserDetailsManagerConfigurer : Global AuthenticationManager configured with UserDetailsService bean with name inMemoryUserDetailsManager
2026-03-28T22:31:22.943+05:30  INFO 21976 --- [career-builder] [           main] o.s.boot.tomcat.TomcatWebServer          : Tomcat started on port 9092 (http) with context path '/'
2026-03-28T22:31:22.953+05:30  INFO 21976 --- [career-builder] [           main] c.o.c.CareerBuilderApplication           : Started CareerBuilderApplication in 19.952 seconds (process running for 21.619)
2026-03-28T22:36:16.104+05:30  INFO 21976 --- [career-builder] [nio-9092-exec-2] o.a.c.c.C.[Tomcat].[localhost].[/]       : Initializing Spring DispatcherServlet 'dispatcherServlet'
2026-03-28T22:36:16.105+05:30  INFO 21976 --- [career-builder] [nio-9092-exec-2] o.s.web.servlet.DispatcherServlet        : Initializing Servlet 'dispatcherServlet'
2026-03-28T22:36:16.111+05:30  INFO 21976 --- [career-builder] [nio-9092-exec-2] o.s.web.servlet.DispatcherServlet        : Completed initialization in 5 ms
2026-03-28T22:36:16.133+05:30  WARN 21976 --- [career-builder] [nio-9092-exec-2] o.s.w.s.h.HandlerMappingIntrospector     : Cache miss for REQUEST dispatch to '/api/student/performance/report' (previous null). Performing CorsConfiguration lookup. This is logged once only at WARN level, and every time at TRACE.
Hibernate: 
    select
        s1_0.subject_name,
        sum(er1_0.obtained_marks),
        sum(er1_0.total_marks) 
    from
        exam_results er1_0 
    join
        subjects s1_0 
            on s1_0.subject_id=er1_0.subject_id 
    join
        exams e1_0 
            on e1_0.exam_id=er1_0.exam_id 
    where
        er1_0.student_id=? 
        and (
            ? is null 
            or e1_0.exam_type=?
        ) 
    group by
        s1_0.subject_name
Hibernate: 
    select
        er1_0.result_id,
        er1_0.delta_percent,
        er1_0.exam_id,
        er1_0.feedback,
        er1_0.grade,
        er1_0.obtained_marks,
        er1_0.rank,
        er1_0.student_id,
        er1_0.subject_id,
        er1_0.total_marks 
    from
        exam_results er1_0 
    join
        exams e1_0 
            on e1_0.exam_id=er1_0.exam_id 
    where
        er1_0.student_id=? 
        and (
            ? is null 
            or e1_0.exam_type=?
        ) 
    order by
        e1_0.exam_date desc
Hibernate: 
    select
        s1_0.subject_id,
        s1_0.subject_name 
    from
        subjects s1_0 
    where
        s1_0.subject_id=?
Hibernate: 
    select
        s1_0.subject_id,
        s1_0.subject_name 
    from
        subjects s1_0 
    where
        s1_0.subject_id=?
Hibernate: 
    select
        s1_0.subject_id,
        s1_0.subject_name 
    from
        subjects s1_0 
    where
        s1_0.subject_id=?
Hibernate: 
    select
        s1_0.subject_id,
        s1_0.subject_name 
    from
        subjects s1_0 
    where
        s1_0.subject_id=?
Hibernate: 
    select
        e1_0.exam_id,
        e1_0.duration_minutes,
        e1_0.exam_date,
        e1_0.exam_type,
        e1_0.exam_name,
        e1_0.start_time,
        e1_0.subject_id 
    from
        exams e1_0 
    where
        e1_0.exam_id=?
Hibernate: 
    select
        e1_0.exam_id,
        e1_0.duration_minutes,
        e1_0.exam_date,
        e1_0.exam_type,
        e1_0.exam_name,
        e1_0.start_time,
        e1_0.subject_id 
    from
        exams e1_0 
    where
        e1_0.exam_id=?
Hibernate: 
    select
        e1_0.exam_id,
        e1_0.duration_minutes,
        e1_0.exam_date,
        e1_0.exam_type,
        e1_0.exam_name,
        e1_0.start_time,
        e1_0.subject_id 
    from
        exams e1_0 
    where
        e1_0.exam_id=?
Hibernate: 
    select
        e1_0.exam_id,
        e1_0.duration_minutes,
        e1_0.exam_date,
        e1_0.exam_type,
        e1_0.exam_name,
        e1_0.start_time,
        e1_0.subject_id 
    from
        exams e1_0 
    where
        e1_0.exam_id=?
Hibernate: 
    select
        e1_0.exam_id,
        e1_0.duration_minutes,
        e1_0.exam_date,
        e1_0.exam_type,
        e1_0.exam_name,
        e1_0.start_time,
        e1_0.subject_id 
    from
        exams e1_0 
    where
        e1_0.exam_id=?
Hibernate: 
    select
        e1_0.exam_id,
        e1_0.duration_minutes,
        e1_0.exam_date,
        e1_0.exam_type,
        e1_0.exam_name,
        e1_0.start_time,
        e1_0.subject_id 
    from
        exams e1_0 
    where
        e1_0.exam_id=?
Hibernate: 
    select
        e1_0.exam_id,
        e1_0.duration_minutes,
        e1_0.exam_date,
        e1_0.exam_type,
        e1_0.exam_name,
        e1_0.start_time,
        e1_0.subject_id 
    from
        exams e1_0 
    where
        e1_0.exam_id=?
Hibernate: 
    select
        e1_0.exam_id,
        e1_0.duration_minutes,
        e1_0.exam_date,
        e1_0.exam_type,
        e1_0.exam_name,
        e1_0.start_time,
        e1_0.subject_id 
    from
        exams e1_0 
    where
        e1_0.exam_id=?
Hibernate: 
    select
        e1_0.exam_id,
        e1_0.duration_minutes,
        e1_0.exam_date,
        e1_0.exam_type,
        e1_0.exam_name,
        e1_0.start_time,
        e1_0.subject_id 
    from
        exams e1_0 
    where
        e1_0.exam_id=?
Hibernate: 
    select
        e1_0.exam_id,
        e1_0.duration_minutes,
        e1_0.exam_date,
        e1_0.exam_type,
        e1_0.exam_name,
        e1_0.start_time,
        e1_0.subject_id 
    from
        exams e1_0 
    where
        e1_0.exam_id=?
Hibernate: 
    select
        e1_0.exam_id,
        e1_0.duration_minutes,
        e1_0.exam_date,
        e1_0.exam_type,
        e1_0.exam_name,
        e1_0.start_time,
        e1_0.subject_id 
    from
        exams e1_0 
    where
        e1_0.exam_id=?
Hibernate: 
    select
        e1_0.exam_id,
        e1_0.duration_minutes,
        e1_0.exam_date,
        e1_0.exam_type,
        e1_0.exam_name,
        e1_0.start_time,
        e1_0.subject_id 
    from
        exams e1_0 
    where
        e1_0.exam_id=?
Hibernate: 
    select
        avg((((er1_0.obtained_marks*1.0)/er1_0.total_marks)*100)) 
    from
        exam_results er1_0 
    where
        er1_0.student_id=?
